// Jest Snapshot v1, https://goo.gl/fbAQLP

exports[`Pruebas en el componente <GifGrid /> Debe crear el componente y contrastarlo con el snapshot 1`] = `
<Fragment>
  <h3 />
  <p>
    Cargando...
  </p>
  <div
    className="card-grid"
  />
</Fragment>
`;
