// Jest Snapshot v1, https://goo.gl/fbAQLP

exports[`Pruebas en el componente <GifItem /> Debe crear el componente y contrastarlo con el snapshot 1`] = `
<div
  className="card animate__animated animate__fadeInUp"
>
  <img
    alt="un titulo"
    src="https://localhost/mialgo.jpg"
  />
  <p>
    un titulo
  </p>
</div>
`;
