// Jest Snapshot v1, https://goo.gl/fbAQLP

exports[`Pruebas en componente <PrimeraApp> debe mostrar <PrimeraApp /> correctamente 1`] = `
<Fragment>
  <h1>
    Hola noelle
  </h1>
  <p>
    soy tu fan
  </p>
</Fragment>
`;
